// Jest Snapshot v1, https://goo.gl/fbAQLP

exports[`arrangeMenu component test renders correctly 1`] = `
<div
  className="relative "
  onMouseOut={[Function]}
  onMouseOver={[Function]}
>
  <div>
    outer
  </div>
</div>
`;
