// Jest Snapshot v1, https://goo.gl/fbAQLP

exports[`modalIconBtn component test modalIconBtn renders correctly 1`] = `
<button
  className="p-2 bg-white border border-black rounded-full dark:bg-slate-800 hover:opacity-70 dark:border-white"
  onClick={[Function]}
>
  <svg
    fill="#191F28"
    height={25}
    viewBox="0 0 512 512"
    width={25}
    xmlns="http://www.w3.org/2000/svg"
  >
    <path
      d="M105 162.2c-5.6 2.9-8.1 6.4-8.7 12.1-.4 3.5-.1 5.4 1.5 8.1 1.7 2.9 112.7 131.4 135.5 156.9 8.9 9.9 12.9 12.1 22.2 12.2 13.1 0 8.4 4.7 86.7-85.3 38.5-44.3 71-82 72.1-83.9 1.5-2.6 1.8-4.5 1.4-8-.6-5.7-3.1-9.2-8.7-12.1l-4.4-2.2H109.4l-4.4 2.2z"
      fillRule="nonzero"
    />
  </svg>
</button>
`;
